
> frontend@0.1.0 test
> vitest --run


[7m[1m[36m RUN [39m[22m[27m [36mv1.6.1[39m [90mC:/Universidad temp/ARSW/Traffic-Simulator-Frontend[39m

 [32mÔ£ô[39m src/stores/chatStore.test.ts [2m ([22m[2m14 tests[22m[2m)[22m[90m 13[2mms[22m[39m
 [32mÔ£ô[39m src/stores/simulationStore.test.ts [2m ([22m[2m14 tests[22m[2m)[22m[90m 11[2mms[22m[39m
 [32mÔ£ô[39m src/hooks/useSimulationSocket.test.ts [2m ([22m[2m12 tests[22m[2m)[22m[90m 69[2mms[22m[39m
 [32mÔ£ô[39m src/hooks/useChatSocket.test.ts [2m ([22m[2m8 tests[22m[2m)[22m[90m 139[2mms[22m[39m
 [32mÔ£ô[39m src/services/api.test.ts [2m ([22m[2m28 tests[22m[2m)[22m[90m 172[2mms[22m[39m
 [32mÔ£ô[39m src/hooks/useHistorySocket.test.ts [2m ([22m[2m9 tests[22m[2m)[22m[90m 236[2mms[22m[39m
 [32mÔ£ô[39m src/pages/LandingPage.test.tsx [2m ([22m[2m15 tests[22m[2m)[22m[33m 656[2mms[22m[39m
 [33mÔØ»[39m src/pages/AuthPage.test.tsx [2m ([22m[2m0 test[22m[2m)[22m
 [32mÔ£ô[39m src/pages/SimulationPage.test.tsx [2m ([22m[2m6 tests[22m[2m)[22m[90m 171[2mms[22m[39m
 [32mÔ£ô[39m src/components/MapView/MapView.test.tsx [2m ([22m[2m4 tests[22m[2m)[22m[90m 80[2mms[22m[39m
 [32mÔ£ô[39m src/components/Navbar/Navbar.test.tsx [2m ([22m[2m5 tests[22m[2m)[22m[90m 88[2mms[22m[39m
 [32mÔ£ô[39m src/components/ControlPanel/ControlPanel.test.tsx [2m ([22m[2m6 tests[22m[2m)[22m[33m 332[2mms[22m[39m
 [32mÔ£ô[39m src/App.test.tsx [2m ([22m[2m4 tests[22m[2m)[22m[90m 81[2mms[22m[39m
 [32mÔ£ô[39m src/components/AdminPanel/AdminPanel.test.tsx [2m ([22m[2m5 tests[22m[2m)[22m[33m 353[2mms[22m[39m
 [32mÔ£ô[39m src/stores/historyStore.test.ts [2m ([22m[2m6 tests[22m[2m)[22m[90m 10[2mms[22m[39m
 [32mÔ£ô[39m src/components/MapView/TrafficLightMarker.test.tsx [2m ([22m[2m6 tests[22m[2m)[22m[90m 68[2mms[22m[39m
 [33mÔØ»[39m src/components/Sidebar/RightPanel.test.tsx [2m ([22m[2m4 tests[22m [2m|[22m [31m1 failed[39m[2m)[22m[90m 73[2mms[22m[39m
[31m   [33mÔØ»[31m src/components/Sidebar/RightPanel.test.tsx[2m > [22mRightPanel Component[2m > [22mshould render right panel with HistoryPanel[39m
[31m     ÔåÆ Unable to find an element by: [data-testid="history-panel"]

Ignored nodes: comments, script, style
[36m<body>[31m
  [36m<div>[31m
    [36m<aside[31m
      [33mclass[31m=[32m"sim-right-panel slim"[31m
    [36m>[31m
      [36m<div[31m
        [33mclass[31m=[32m"sim-right-tabs two-cols"[31m
      [36m>[31m
        [36m<button[31m
          [33mclass[31m=[32m"sim-right-tab sim-right-tab--active"[31m
        [36m>[31m
          [36m<span[31m
            [33mclass[31m=[32m"sim-right-tab-dot"[31m
            [33mtitle[31m=[32m"Conectado"[31m
          [36m>[31m
            [36m<span[31m
              [33mclass[31m=[32m"sim-right-tab-dot-inner sim-right-tab-dot--on"[31m
            [36m/>[31m
          [36m</span>[31m
          [0mChat[0m
        [36m</button>[31m
        [36m<button[31m
          [33mclass[31m=[32m"sim-right-tab sim-right-tab--idle"[31m
        [36m>[31m
          [0mHistory[0m
        [36m</button>[31m
      [36m</div>[31m
      [36m<div[31m
        [33mclass[31m=[32m"sim-right-content"[31m
      [36m>[31m
        [36m<div[31m
          [33mdata-testid[31m=[32m"chat-panel"[31m
        [36m>[31m
          [0mChatPanel[0m
        [36m</div>[31m
      [36m</div>[31m
    [36m</aside>[31m
  [36m</div>[31m
[36m</body>[31m[39m
 [32mÔ£ô[39m src/stores/authStore.test.ts [2m ([22m[2m8 tests[22m[2m)[22m[90m 9[2mms[22m[39m
 [33mÔØ»[39m src/components/MapView/VehicleMarker.test.tsx [2m ([22m[2m5 tests[22m [2m|[22m [31m2 failed[39m[2m)[22m[90m 92[2mms[22m[39m
[31m   [33mÔØ»[31m src/components/MapView/VehicleMarker.test.tsx[2m > [22mVehicleMarker Component[2m > [22mshould render vehicle marker[39m
[31m     ÔåÆ Unable to find an element by: [data-testid="vehicle-popup"]

Ignored nodes: comments, script, style
[36m<body>[31m
  [36m<div>[31m
    [36m<div[31m
      [33mdata-testid[31m=[32m"marker-,"[31m
    [36m>[31m
      [36m<div[31m
        [33mdata-testid[31m=[32m"vehicle-tooltip"[31m
      [36m>[31m
        [36m<span[31m
          [33mclass[31m=[32m"text-xs"[31m
        [36m>[31m
          [0m ÔÇö [0m
          [0m50.00[0m
          [0m km/h ÔÇö [0m
          [0mMOVING[0m
        [36m</span>[31m
      [36m</div>[31m
    [36m</div>[31m
  [36m</div>[31m
[36m</body>[31m[39m
[31m   [33mÔØ»[31m src/components/MapView/VehicleMarker.test.tsx[2m > [22mVehicleMarker Component[2m > [22mshould display vehicle popup[39m
[31m     ÔåÆ expected null to be truthy[39m
 [33mÔØ»[39m src/components/ChatPanel/ChatPanel.test.tsx [2m ([22m[2m4 tests[22m [2m|[22m [31m4 failed[39m[2m)[22m[90m 122[2mms[22m[39m
[31m   [33mÔØ»[31m src/components/ChatPanel/ChatPanel.test.tsx[2m > [22mChatPanel Component[2m > [22mshould render chat panel[39m
[31m     ÔåÆ bottomRef.current?.scrollIntoView is not a function[39m
[31m   [33mÔØ»[31m src/components/ChatPanel/ChatPanel.test.tsx[2m > [22mChatPanel Component[2m > [22mshould accept chatSocket prop[39m
[31m     ÔåÆ bottomRef.current?.scrollIntoView is not a function[39m
[31m   [33mÔØ»[31m src/components/ChatPanel/ChatPanel.test.tsx[2m > [22mChatPanel Component[2m > [22mshould accept pendingTimers prop[39m
[31m     ÔåÆ bottomRef.current?.scrollIntoView is not a function[39m
[31m   [33mÔØ»[31m src/components/ChatPanel/ChatPanel.test.tsx[2m > [22mChatPanel Component[2m > [22mshould be renderable without throwing[39m
[31m     ÔåÆ expected [Function] to not throw an error but 'TypeError: bottomRef.current?.scrollIÔÇª' was thrown[39m
 [33mÔØ»[39m src/components/Sidebar/LeftPanel.test.tsx [2m ([22m[2m4 tests[22m [2m|[22m [31m1 failed[39m[2m)[22m[90m 64[2mms[22m[39m
[31m   [33mÔØ»[31m src/components/Sidebar/LeftPanel.test.tsx[2m > [22mLeftPanel Component[2m > [22mshould render left panel with AdminPanel[39m
[31m     ÔåÆ Unable to find an element by: [data-testid="admin-panel"]

Ignored nodes: comments, script, style
[36m<body>[31m
  [36m<div>[31m
    [36m<aside[31m
      [33mclass[31m=[32m"sim-left-panel mobile-open"[31m
    [36m>[31m
      [36m<div[31m
        [33mclass[31m=[32m"sim-panel-tabs single"[31m
      [36m>[31m
        [36m<button[31m
          [33mclass[31m=[32m"sim-panel-tab sim-panel-tab--active"[31m
        [36m>[31m
          [0mControl[0m
        [36m</button>[31m
      [36m</div>[31m
      [36m<div[31m
        [33mclass[31m=[32m"sim-panel-content"[31m
      [36m>[31m
        [36m<div[31m
          [33mdata-testid[31m=[32m"control-panel"[31m
        [36m>[31m
          [0mControlPanel[0m
        [36m</div>[31m
      [36m</div>[31m
      [36m<button[31m
        [33mclass[31m=[32m"sim-mobile-close"[31m
        [33mtype[31m=[32m"button"[31m
      [36m>[31m
        [0mCerrar[0m
      [36m</button>[31m
    [36m</aside>[31m
  [36m</div>[31m
[36m</body>[31m[39m
 [32mÔ£ô[39m src/components/HistoryPanel/HistoryPanel.test.tsx [2m ([22m[2m2 tests[22m[2m)[22m[90m 38[2mms[22m[39m

[2m Test Files [22m [1m[31m5 failed[39m[22m[2m | [22m[1m[32m17 passed[39m[22m[90m (22)[39m
[2m      Tests [22m [1m[31m8 failed[39m[22m[2m | [22m[1m[32m161 passed[39m[22m[90m (169)[39m
[2m   Start at [22m 10:57:27
[2m   Duration [22m 10.43s[2m (transform 2.44s, setup 16.14s, collect 4.05s, tests 2.88s, environment 25.97s, prepare 6.56s)[22m

